尥唛唛㭅㸥/(尥唛*)㭅㸥/s尥唛㭅㸥: s尥唛㭅㸥
尥唛唛㭅㸥/(尥唛*)㭅㸥/s☃️d: s☃️d
尥唛唛㭅㸥/왼(󤧕|󃅔)+󓀽/s尥唛㭅㸥: no match
尥唛唛㭅㸥/왼(󤧕|󃅔)+󓀽/s☃️d: no match
왼󤧕󃅔󓀽/(尥唛*)㭅㸥/s尥唛㭅㸥: no match
왼󤧕󃅔󓀽/(尥唛*)㭅㸥/s☃️d: no match
왼󤧕󃅔󓀽/왼(󤧕|󃅔)+󓀽/s尥唛㭅㸥: s尥唛㭅㸥
왼󤧕󃅔󓀽/왼(󤧕|󃅔)+󓀽/s☃️d: s☃️d
